src/components/ui/display/Card.tsx(53,14): error TS2322: Type '{ children: (false | "" | 0 | 0n | Element | null | undefined)[]; defaultChecked?: boolean | undefined; defaultValue?: string | number | readonly string[] | undefined; suppressContentEditableWarning?: boolean | undefined; ... 275 more ...; className: string; } | { ...; }' is not assignable to type 'IntrinsicAttributes & Omit<HTMLMotionProps<"div">, "ref"> & RefAttributes<HTMLDivElement> & ClassAttributes<...> & HTMLAttributes<...>'.
  Type '{ children: (false | "" | 0 | 0n | Element | null | undefined)[]; defaultChecked?: boolean | undefined; defaultValue?: string | number | readonly string[] | undefined; suppressContentEditableWarning?: boolean | undefined; ... 275 more ...; className: string; }' is not assignable to type 'Omit<HTMLMotionProps<"div">, "ref">'.
    Types of property 'onDrag' are incompatible.
      Type 'DragEventHandler<HTMLDivElement> | undefined' is not assignable to type '((event: MouseEvent | PointerEvent | TouchEvent, info: PanInfo) => void) | undefined'.
        Type 'DragEventHandler<HTMLDivElement>' is not assignable to type '(event: MouseEvent | PointerEvent | TouchEvent, info: PanInfo) => void'.
          Types of parameters 'event' and 'event' are incompatible.
            Type 'MouseEvent | PointerEvent | TouchEvent' is not assignable to type 'DragEvent<HTMLDivElement>'.
              Type 'MouseEvent' is missing the following properties from type 'DragEvent<HTMLDivElement>': dataTransfer, nativeEvent, isDefaultPrevented, isPropagationStopped, persist
src/components/ui/display/LineChart.tsx(121,49): error TS6133: 'index' is declared but its value is never read.
src/components/ui/interactive/DragHandle.tsx(22,14): error TS2322: Type '{ children: Element; defaultChecked?: boolean | undefined; defaultValue?: string | number | readonly string[] | undefined; suppressContentEditableWarning?: boolean | undefined; suppressHydrationWarning?: boolean | undefined; ... 275 more ...; className: string; }' is not assignable to type 'Omit<HTMLMotionProps<"div">, "ref">'.
  Types of property 'onDrag' are incompatible.
    Type 'DragEventHandler<HTMLDivElement> | undefined' is not assignable to type '((event: MouseEvent | PointerEvent | TouchEvent, info: PanInfo) => void) | undefined'.
      Type 'DragEventHandler<HTMLDivElement>' is not assignable to type '(event: MouseEvent | PointerEvent | TouchEvent, info: PanInfo) => void'.
        Types of parameters 'event' and 'event' are incompatible.
          Type 'MouseEvent | PointerEvent | TouchEvent' is not assignable to type 'DragEvent<HTMLDivElement>'.
            Type 'MouseEvent' is missing the following properties from type 'DragEvent<HTMLDivElement>': dataTransfer, nativeEvent, isDefaultPrevented, isPropagationStopped, persist
src/components/ui/interactive/Tooltip.tsx(18,28): error TS2554: Expected 1 arguments, but got 0.
src/components/ui/navigation/ContextMenu.tsx(108,56): error TS6133: 'isSubmenu' is declared but its value is never read.
