src/types/api/dashboards-api.ts(18,5): error TS6196: 'DuplicateDashboardInput' is declared but never used.
src/types/index.ts(37,1): error TS2308: Module './entities' has already exported a member named 'CreateEmbroideryCalculationInput'. Consider explicitly re-exporting to resolve the ambiguity.
src/types/index.ts(37,1): error TS2308: Module './entities' has already exported a member named 'CreateMachineryCalculationInput'. Consider explicitly re-exporting to resolve the ambiguity.
src/types/index.ts(37,1): error TS2308: Module './entities' has already exported a member named 'Department'. Consider explicitly re-exporting to resolve the ambiguity.
src/types/index.ts(37,1): error TS2308: Module './entities' has already exported a member named 'ExportLayoutOptions'. Consider explicitly re-exporting to resolve the ambiguity.
src/types/index.ts(37,1): error TS2308: Module './entities' has already exported a member named 'FloorLayoutData'. Consider explicitly re-exporting to resolve the ambiguity.
src/types/index.ts(37,1): error TS2308: Module './entities' has already exported a member named 'FloorLayoutParameters'. Consider explicitly re-exporting to resolve the ambiguity.
src/types/index.ts(37,1): error TS2308: Module './entities' has already exported a member named 'FlowPath'. Consider explicitly re-exporting to resolve the ambiguity.
src/types/index.ts(37,1): error TS2308: Module './entities' has already exported a member named 'OrganizationSettings'. Consider explicitly re-exporting to resolve the ambiguity.
src/types/index.ts(37,1): error TS2308: Module './entities' has already exported a member named 'ProjectMetadata'. Consider explicitly re-exporting to resolve the ambiguity.
src/types/index.ts(37,1): error TS2308: Module './entities' has already exported a member named 'UserPreferences'. Consider explicitly re-exporting to resolve the ambiguity.
src/types/index.ts(37,1): error TS2308: Module './enums' has already exported a member named 'DepartmentType'. Consider explicitly re-exporting to resolve the ambiguity.
src/types/index.ts(37,1): error TS2308: Module './enums' has already exported a member named 'ProductType'. Consider explicitly re-exporting to resolve the ambiguity.
src/types/index.ts(37,1): error TS2308: Module './enums' has already exported a member named 'ProjectStatus'. Consider explicitly re-exporting to resolve the ambiguity.
src/types/index.ts(37,1): error TS2308: Module './enums' has already exported a member named 'UserRole'. Consider explicitly re-exporting to resolve the ambiguity.
src/types/index.ts(42,1): error TS2308: Module './events' has already exported a member named 'EventHandler'. Consider explicitly re-exporting to resolve the ambiguity.
src/types/index.ts(42,1): error TS2308: Module './validation' has already exported a member named 'UUID'. Consider explicitly re-exporting to resolve the ambiguity.
src/types/shared/api-types.ts(10,5): error TS1205: Re-exporting a type when 'isolatedModules' is enabled requires using 'export type'.
src/types/shared/api-types.ts(11,5): error TS1205: Re-exporting a type when 'isolatedModules' is enabled requires using 'export type'.
src/types/shared/api-types.ts(12,5): error TS1205: Re-exporting a type when 'isolatedModules' is enabled requires using 'export type'.
src/types/shared/api-types.ts(13,5): error TS1205: Re-exporting a type when 'isolatedModules' is enabled requires using 'export type'.
src/types/shared/api-types.ts(14,5): error TS1205: Re-exporting a type when 'isolatedModules' is enabled requires using 'export type'.
src/types/shared/api-types.ts(15,5): error TS1205: Re-exporting a type when 'isolatedModules' is enabled requires using 'export type'.
src/types/shared/api-types.ts(16,5): error TS1205: Re-exporting a type when 'isolatedModules' is enabled requires using 'export type'.
src/types/shared/api-types.ts(17,5): error TS1205: Re-exporting a type when 'isolatedModules' is enabled requires using 'export type'.
src/types/shared/api-types.ts(18,5): error TS1205: Re-exporting a type when 'isolatedModules' is enabled requires using 'export type'.
src/types/shared/api-types.ts(20,5): error TS1205: Re-exporting a type when 'isolatedModules' is enabled requires using 'export type'.
src/types/validation/project-schemas.ts(134,17): error TS2554: Expected 2-3 arguments, but got 1.
