src/components/ui/TopBar.tsx(2,29): error TS6133: 'User' is declared but its value is never read.
